root@polystudent-virtual-machine:~# chahe -l poly1
명령어 'chahe' 을(를) 찾을 수 없습니다. 다음 명령어로 시도하시겠습니까:
  deb chakechake의 명령어 ' (0.82-1)'
  deb chasechase의 명령어 ' (0.5.2-4build4)'
  deb chagepasswd의 명령어 ' (1:4.8.1-2ubuntu2.1)'
Try: apt install <deb name>
root@polystudent-virtual-machine:~# chage -l poly1
마지막으로 암호를 바꾼 날					:  5월 02, 2023
암호 만료					: 안함
암호가 비활성화 기간					: 안함
계정 만료						: 안함
암호를 바꿀 수 있는 최소 날 수		: 0
암호를 바꿔야 하는 최대 날 수		: 99999
암호 만료 예고를 하는 날 수		: 7
root@polystudent-virtual-machine:~# chahe -m 30 poly1
명령어 'chahe' 을(를) 찾을 수 없습니다. 다음 명령어로 시도하시겠습니까:
  deb chakechake의 명령어 ' (0.82-1)'
  deb chagepasswd의 명령어 ' (1:4.8.1-2ubuntu2.1)'
  deb chasechase의 명령어 ' (0.5.2-4build4)'
Try: apt install <deb name>
root@polystudent-virtual-machine:~# chage -m 30 poly1
root@polystudent-virtual-machine:~# chage -M 30 poly1
root@polystudent-virtual-machine:~# chage -m 10 poly1
root@polystudent-virtual-machine:~# chage -l 10 poly1
Usage: chage [options] LOGIN

root@polystudent-virtual-machine:~# chage -l poly1
마지막으로 암호를 바꾼 날					:  5월 02, 2023
암호 만료					:  6월 01, 2023
암호가 비활성화 기간					: 안함
계정 만료						: 안함
암호를 바꿀 수 있는 최소 날 수		: 10
암호를 바꿔야 하는 최대 날 수		: 30
암호 만료 예고를 하는 날 수		: 7
root@polystudent-virtual-machine:~# chage -E 2026/12/31 poly1
root@polystudent-virtual-machine:~# chage -l poly1
마지막으로 암호를 바꾼 날					:  5월 02, 2023
암호 만료					:  6월 01, 2023
암호가 비활성화 기간					: 안함
계정 만료						: 12월 31, 2026
암호를 바꿀 수 있는 최소 날 수		: 10
암호를 바꿔야 하는 최대 날 수		: 30
암호 만료 예고를 하는 날 수		: 7
root@polystudent-virtual-machine:~# chage -W 10 poly1
root@polystudent-virtual-machine:~# chage -l 10 poly1
Usage: chage [options] LOGIN

root@polystudent-virtual-machine:~# chage -l poly1
마지막으로 암호를 바꾼 날					:  5월 02, 2023
암호 만료					:  6월 01, 2023
암호가 비활성화 기간					: 안함
계정 만료						: 12월 31, 2026
암호를 바꿀 수 있는 최소 날 수		: 10
암호를 바꿔야 하는 최대 날 수		: 30
암호 만료 예고를 하는 날 수		: 10
root@polystudent-virtual-machine:~# groups
root
root@polystudent-virtual-machine:~# groups poly3
poly3 : polystudent
root@polystudent-virtual-machine:~# groupadd newgroup
root@polystudent-virtual-machine:~# nano /etc/group
root@polystudent-virtual-machine:~# groupadd --gid 2023 newgroup21
root@polystudent-virtual-machine:~# nano /etc/group
root@polystudent-virtual-machine:~# groupmod --new-name newgroup2 newgroup1
groupmod: 'newgroup1' 그룹이 없습니다
root@polystudent-virtual-machine:~# groupmod --new-name newgroup2 newgroup1
groupmod: 'newgroup1' 그룹이 없습니다
root@polystudent-virtual-machine:~# groupmod --new-name newgroup2 newgroup
root@polystudent-virtual-machine:~# nano /etc/group
root@polystudent-virtual-machine:~# groupdel newgroup2
root@polystudent-virtual-machine:~# nano /etc/group
root@polystudent-virtual-machine:~# gpasswd mygroup1
gpasswd: 'mygroup1' 그룹이 /etc/group에 없습니다
root@polystudent-virtual-machine:~# gpasswd newgroup21
newgroup21 그룹의 암호를 바꾸는 중
새 암호: 
새 암호를 다시 입력하십시오: 
root@polystudent-virtual-machine:~# gpassw -a poly1
명령어 'gpassw' 을(를) 찾을 수 없습니다. 다음 명령어로 시도하시겠습니까:
  deb gpasswdpasswd의 명령어 ' (1:4.8.1-2ubuntu2.1)'
Try: apt install <deb name>
root@polystudent-virtual-machine:~# gpasswd -a poly1
Usage: gpasswd [option] GROUP
                             set the list of administrators for GROUP
Except for the -A and -M options, the options cannot be combined.
root@polystudent-virtual-machine:~# gpasswd -a poly1 newgroup21
사용자 poly1을(를) newgroup21 그룹에 등록 중
root@polystudent-virtual-machine:~# gpasswd -A poly1 newgroup21
root@polystudent-virtual-machine:~# gpasswd -a poly4 newgroup21
사용자 poly4을(를) newgroup21 그룹에 등록 중
root@polystudent-virtual-machine:~# gpasswd -d poly4 newgroup21
사용자 poly4을(를) 그룹 newgroup21에서 제거하는 중
root@polystudent-virtual-machine:~# nano /etc/group
root@polystudent-virtual-machine:~# adduser hanbit1
'hanbit1' 사용자를 추가 중...
새 그룹 'hanbit1' (1003) 추가 ...
새 사용자 'hanbit1' (1004) 을(를) 그룹 'hanbit1' (으)로 추가 ...
'/home/hanbit1' 홈 디렉터리를 생성하는 중...
'/etc/skel'에서 파일들을 복사하는 중...
새 암호: 
잘못된 비밀번호: 암호는 8 개의 문자 보다 짧습니다
새 암호 재입력: 
passwd: 암호를 성공적으로 업데이트했습니다
hanbit1의 사용자의 정보를 바꿉니다
새로운 값을 넣거나, 기본값을 원하시면 엔터를 치세요
	이름 []: 
	방 번호 []: 
	직장 전화번호 []: 
	집 전화번호 []: 
	기타 []: 
정보가 올바릅니까? [Y/n] y
root@polystudent-virtual-machine:~# tail /etc/passwd
pulse:x:125:132:PulseAudio daemon,,,:/run/pulse:/usr/sbin/nologin
gnome-initial-setup:x:126:65534::/run/gnome-initial-setup/:/bin/false
hplip:x:127:7:HPLIP system user,,,:/run/hplip:/bin/false
gdm:x:128:134:Gnome Display Manager:/var/lib/gdm3:/bin/false
polystudent:x:1000:1000:polystudent,,,:/home/polystudent:/bin/bash
poly1:x:1001:1001:polytech1,509,02-000-0000,02-000-0000,student:/home/poly1:/bin/csh
poly2:x:1111:1111:,,,:/home/poly2:/bin/bash
poly3:x:1002:1000:,,,:/home/poly3:/bin/bash
poly4:x:1003:1002:,,,:/newhome:/bin/bash
hanbit1:x:1004:1003:,,,:/home/hanbit1:/bin/bash
root@polystudent-virtual-machine:~# tail /etc/group
pulse-access:x:133:
gdm:x:134:
lxd:x:135:polystudent
polystudent:x:1000:
sambashare:x:136:polystudent
poly1:x:1001:
poly2:x:1111:
poly4:x:1002:
newgroup21:x:2023:poly1
hanbit1:x:1003:
root@polystudent-virtual-machine:~# groupadd 1001 hanbit1
Usage: groupadd [options] GROUP


root@polystudent-virtual-machine:~# groupadd --gid 1001 hanbit1
groupadd: 'hanbit1' 그룹이 이미 있습니다
root@polystudent-virtual-machine:~# groupadd --gid 1001 hanbit1
groupadd: 'hanbit1' 그룹이 이미 있습니다
root@polystudent-virtual-machine:~# tail /etc/groupadd
tail: 읽기를 위해 '/etc/groupadd'을(를) 열 수 없음: 그런 파일이나 디렉터리가 없습니다
root@polystudent-virtual-machine:~# tail /etc/group
pulse-access:x:133:
gdm:x:134:
lxd:x:135:polystudent
polystudent:x:1000:
sambashare:x:136:polystudent
poly1:x:1001:
poly2:x:1111:
poly4:x:1002:
newgroup21:x:2023:poly1
hanbit1:x:1003:
root@polystudent-virtual-machine:~# groupmod poly1 hanbit1
Usage: groupmod [options] GROUP


root@polystudent-virtual-machine:~# adduser --gid 1000 hanbit1
adduser: 'hanbit1' 사용자는 이미 존재합니다.
root@polystudent-virtual-machine:~# adduser -r hanbit1
Unknown option: r
adduser [--home DIR] [--shell SHELL] [--no-create-home] [--uid ID]
[--firstuid ID] [--lastuid ID] [--gecos GECOS] [--ingroup GROUP | --gid ID]
[--disabled-password] [--disabled-login] [--add_extra_groups]
[--encrypt-home] USER
   일반 사용자를 추가합니다

adduser --system [--home DIR] [--shell SHELL] [--no-create-home] [--uid ID]
[--gecos GECOS] [--group | --ingroup GROUP | --gid ID] [--disabled-password]
[--disabled-login] [--add_extra_groups] USER
   시스템 사용자를 추가합니다

adduser --group [--gid ID] GROUP
addgroup [--gid ID] GROUP
   사용자 그룹을 추가합니다

addgroup --system [--gid ID] GROUP
   시스템 그룹을 추가합니다

adduser USER GROUP
   존재하는 사용자를 존재하는 그룹에 추가합니다

일반 옵션:
  --quiet | -q      실행 정보를 표준 출력으로 내보내지 않습니다
  --force-badname   NAME_REGEX[_SYSTEM] 구성 변수애
                    맞지 않는 사용자명을 허용합니다
  --extrausers      기타 사용자를 데이터베이스로 사용합니다
  --help | -h       사용법 메시지
  --version | -v    버전 숫자와 저작권
  --conf | -c FILE  FILE을 구성 파일로 사용합니다

root@polystudent-virtual-machine:~# adduser --gid 1000 hanbit2
'hanbit2' 사용자를 추가 중...
새 사용자 'hanbit2' (1005) 을(를) 그룹 'polystudent' (으)로 추가 ...
'/home/hanbit2' 홈 디렉터리를 생성하는 중...
'/etc/skel'에서 파일들을 복사하는 중...
새 암호: 
잘못된 비밀번호: 암호는 8 개의 문자 보다 짧습니다
새 암호 재입력: 
죄송합니다. 암호가 일치하지 않습니다.
새 암호: 
잘못된 비밀번호: 암호가 없습니다
새 암호 재입력: 
암호를 입력하지 않았습니다.
암호: 인증 토근 수정 오류
passwd: 암호를 바꿨습니다
다시 할까요? [y/N] y
새 암호: 
잘못된 비밀번호: 암호는 8 개의 문자 보다 짧습니다
새 암호 재입력: 
passwd: 암호를 성공적으로 업데이트했습니다
hanbit2의 사용자의 정보를 바꿉니다
새로운 값을 넣거나, 기본값을 원하시면 엔터를 치세요
	이름 []: 
	방 번호 []: 
	직장 전화번호 []: 
	집 전화번호 []: 
	기타 []: 
정보가 올바릅니까? [Y/n] y
root@polystudent-virtual-machine:~# tail /etc/group
pulse-access:x:133:
gdm:x:134:
lxd:x:135:polystudent
polystudent:x:1000:
sambashare:x:136:polystudent
poly1:x:1001:
poly2:x:1111:
poly4:x:1002:
newgroup21:x:2023:poly1
hanbit1:x:1003:
root@polystudent-virtual-machine:~# nano /etc/passwd
root@polystudent-virtual-machine:~# gropu -a hanbit2  polystudent 
명령어 'gropu' 을(를) 찾을 수 없습니다. 다음 명령어로 시도하시겠습니까:
  deb groptfitsh의 명령어 ' (0.9.4-1)'
  deb gropsgroff-base의 명령어 ' (1.22.4-8build1)'
  deb gropgrop의 명령어 ' (2:0.10-1.2)'
Try: apt install <deb name>
root@polystudent-virtual-machine:~# gpasswd -a hanbit2  polystudent 
사용자 hanbit2을(를) polystudent 그룹에 등록 중
root@polystudent-virtual-machine:~# tail /etc/group
pulse-access:x:133:
gdm:x:134:
lxd:x:135:polystudent
polystudent:x:1000:hanbit2
sambashare:x:136:polystudent
poly1:x:1001:
poly2:x:1111:
poly4:x:1002:
newgroup21:x:2023:poly1
hanbit1:x:1003:
root@polystudent-virtual-machine:~# 
